<html>
<body>
<pre>
<h1>µVision Build Log</h1>
<h2>Tool Versions:</h2>
IDE-Version: µVision V5.41.0.0
Copyright (C) 2024 ARM Ltd and ARM Germany GmbH. All rights reserved.
License Information: Hamza Kamal, University of Washington, LIC=----
 
Tool Versions:
Toolchain:       MDK-Lite  Version: 5.41.0.0
Toolchain Path:  C:\Users\kamal\AppData\Local\Keil_v5\ARM\ARMCLANG\Bin
C Compiler:      ArmClang.exe V6.22
Assembler:       Armasm.exe V6.22
Linker/Locator:  ArmLink.exe V6.22
Library Manager: ArmAr.exe V6.22
Hex Converter:   FromElf.exe V6.22
CPU DLL:         SARMCM3.DLL V5.41.0.0
Dialog DLL:      DCM.DLL V1.17.5.0
Target DLL:      UL2CM3.DLL V1.164.14.0
Dialog DLL:      TCM.DLL V1.56.4.0
 
<h2>Project:</h2>
C:\Users\kamal\Code\CSS_422\Final-Project\Final-Project.uvprojx
Project File Date:  03/12/2025

<h2>Output:</h2>
*** Using Compiler 'V6.22', folder: 'C:\Users\kamal\AppData\Local\Keil_v5\ARM\ARMCLANG\Bin'
Build target 'Target_1'
assembling stdlib.s...
"Files/heap.s", line 37: Warning: A1581W: Added 2 bytes of padding at address 0x16
   37 00000018  END
0 Errors, 1 Warning
assembling heap.s...
assembling svc.s...
assembling timer.s...
linking...
Program Size: Code=1452 RO-data=584 RW-data=4 ZI-data=616  
".\Final-Project.axf" - 0 Error(s), 0 Warning(s).

<h2>Software Packages used:</h2>

Package Vendor: ARM
                https://www.keil.com/pack/ARM.CMSIS.6.1.0.pack
                ARM::CMSIS@6.1.0
                CMSIS (Common Microcontroller Software Interface Standard)
   * Component: CORE Version: 6.1.0

Package Vendor: Keil
                http://www.keil.com/pack/Keil.TM4C_DFP.1.1.0.pack
                Keil::TM4C_DFP@1.1.0
                Texas Instruments Tiva C Series Device Support and Examples
   * Component: Startup Version: 1.0.0

<h2>Collection of Component include folders:</h2>
  ./RTE/_Target_1
  C:/Users/kamal/AppData/Local/Arm/Packs/ARM/CMSIS/6.1.0/CMSIS/Core/Include
  C:/Users/kamal/AppData/Local/Arm/Packs/Keil/TM4C_DFP/1.1.0/Device/Include/TM4C129

<h2>Collection of Component Files used:</h2>

   * Component: ARM::CMSIS:CORE@6.1.0

   * Component: Keil::Device:Startup@1.0.0
      Source file:   Device/Source/system_TM4C129.c
      Include file:  Device/Include/TM4C129/TM4C129.h
      Source file:   Device/Source/ARM/startup_TM4C129.s
Build Time Elapsed:  00:00:03
</pre>
</body>
</html>
