<html>
<body>
<pre>
<h1>µVision Build Log</h1>
<h2>Tool Versions:</h2>
IDE-Version: µVision V5.36.0.0
Copyright (C) 2021 ARM Ltd and ARM Germany GmbH. All rights reserved.
License Information: Liaison CSS, University of Washington Bothell, LIC=----
 
Tool Versions:
Toolchain:       MDK-Lite  Version: 5.36.0.0
Toolchain Path:  C:\Keil_v5\ARM\ARMCLANG\Bin
C Compiler:      ArmClang.exe V6.16
Assembler:       Armasm.exe V6.16
Linker/Locator:  ArmLink.exe V6.16
Library Manager: ArmAr.exe V6.16
Hex Converter:   FromElf.exe V6.16
CPU DLL:         SARMCM3.DLL V5.36.0.0
Dialog DLL:      DCM.DLL V1.17.3.0
Target DLL:      UL2CM3.DLL V1.164.0.0
Dialog DLL:      TCM.DLL V1.53.0.0
 
<h2>Project:</h2>
C:\Users\mfukuda\Desktop\First_Prog\First_Prog.uvprojx
Project File Date:  12/11/2021

<h2>Output:</h2>
*** Using Compiler 'V6.16', folder: 'C:\Keil_v5\ARM\ARMCLANG\Bin'
Rebuild target 'Target 1'
assembling startup_TM4C123.s...
RTE/Device/TM4C1233H6PM/system_TM4C123.c(13): warning: In file included from...
C:/Users/Public/AppData/Local/Arm/Packs/Keil/TM4C_DFP/1.1.0/Device/Include/TM4C123\TM4C123.h(56): warning: In file included from...
C:/Users/Public/AppData/Local/Arm/Packs/Keil/TM4C_DFP/1.1.0/Device/Include/TM4C123/TM4C1233H6PM.h(285): warning: anonymous unions are a C11 extension [-Wc11-extensions]
  union {
  ^
C:/Users/Public/AppData/Local/Arm/Packs/Keil/TM4C_DFP/1.1.0/Device/Include/TM4C123/TM4C1233H6PM.h(325): warning: anonymous unions are a C11 extension [-Wc11-extensions]
  union {
  ^
C:/Users/Public/AppData/Local/Arm/Packs/Keil/TM4C_DFP/1.1.0/Device/Include/TM4C123/TM4C1233H6PM.h(344): warning: anonymous unions are a C11 extension [-Wc11-extensions]
  union {
  ^
C:/Users/Public/AppData/Local/Arm/Packs/Keil/TM4C_DFP/1.1.0/Device/Include/TM4C123/TM4C1233H6PM.h(571): warning: anonymous unions are a C11 extension [-Wc11-extensions]
  union {
  ^
C:/Users/Public/AppData/Local/Arm/Packs/Keil/TM4C_DFP/1.1.0/Device/Include/TM4C123/TM4C1233H6PM.h(587): warning: anonymous unions are a C11 extension [-Wc11-extensions]
  union {
  ^
C:/Users/Public/AppData/Local/Arm/Packs/Keil/TM4C_DFP/1.1.0/Device/Include/TM4C123/TM4C1233H6PM.h(632): warning: anonymous unions are a C11 extension [-Wc11-extensions]
  union {
  ^
C:/Users/Public/AppData/Local/Arm/Packs/Keil/TM4C_DFP/1.1.0/Device/Include/TM4C123/TM4C1233H6PM.h(637): warning: anonymous unions are a C11 extension [-Wc11-extensions]
  union {
  ^
C:/Users/Public/AppData/Local/Arm/Packs/Keil/TM4C_DFP/1.1.0/Device/Include/TM4C123/TM4C1233H6PM.h(671): warning: anonymous unions are a C11 extension [-Wc11-extensions]
  union {
  ^
C:/Users/Public/AppData/Local/Arm/Packs/Keil/TM4C_DFP/1.1.0/Device/Include/TM4C123/TM4C1233H6PM.h(679): warning: anonymous unions are a C11 extension [-Wc11-extensions]
  union {
  ^
C:/Users/Public/AppData/Local/Arm/Packs/Keil/TM4C_DFP/1.1.0/Device/Include/TM4C123/TM4C1233H6PM.h(687): warning: anonymous unions are a C11 extension [-Wc11-extensions]
  union {
  ^
C:/Users/Public/AppData/Local/Arm/Packs/Keil/TM4C_DFP/1.1.0/Device/Include/TM4C123/TM4C1233H6PM.h(695): warning: anonymous unions are a C11 extension [-Wc11-extensions]
  union {
  ^
C:/Users/Public/AppData/Local/Arm/Packs/Keil/TM4C_DFP/1.1.0/Device/Include/TM4C123/TM4C1233H6PM.h(703): warning: anonymous unions are a C11 extension [-Wc11-extensions]
  union {
  ^
C:/Users/Public/AppData/Local/Arm/Packs/Keil/TM4C_DFP/1.1.0/Device/Include/TM4C123/TM4C1233H6PM.h(711): warning: anonymous unions are a C11 extension [-Wc11-extensions]
  union {
  ^
C:/Users/Public/AppData/Local/Arm/Packs/Keil/TM4C_DFP/1.1.0/Device/Include/TM4C123/TM4C1233H6PM.h(719): warning: anonymous unions are a C11 extension [-Wc11-extensions]
  union {
  ^
C:/Users/Public/AppData/Local/Arm/Packs/Keil/TM4C_DFP/1.1.0/Device/Include/TM4C123/TM4C1233H6PM.h(727): warning: anonymous unions are a C11 extension [-Wc11-extensions]
  union {
  ^
C:/Users/Public/AppData/Local/Arm/Packs/Keil/TM4C_DFP/1.1.0/Device/Include/TM4C123/TM4C1233H6PM.h(735): warning: anonymous unions are a C11 extension [-Wc11-extensions]
  union {
  ^
C:/Users/Public/AppData/Local/Arm/Packs/Keil/TM4C_DFP/1.1.0/Device/Include/TM4C123/TM4C1233H6PM.h(743): warning: anonymous unions are a C11 extension [-Wc11-extensions]
  union {
  ^
C:/Users/Public/AppData/Local/Arm/Packs/Keil/TM4C_DFP/1.1.0/Device/Include/TM4C123/TM4C1233H6PM.h(751): warning: anonymous unions are a C11 extension [-Wc11-extensions]
  union {
  ^
C:/Users/Public/AppData/Local/Arm/Packs/Keil/TM4C_DFP/1.1.0/Device/Include/TM4C123/TM4C1233H6PM.h(759): warning: anonymous unions are a C11 extension [-Wc11-extensions]
  union {
  ^
C:/Users/Public/AppData/Local/Arm/Packs/Keil/TM4C_DFP/1.1.0/Device/Include/TM4C123/TM4C1233H6PM.h(767): warning: anonymous unions are a C11 extension [-Wc11-extensions]
  union {
  ^
C:/Users/Public/AppData/Local/Arm/Packs/Keil/TM4C_DFP/1.1.0/Device/Include/TM4C123/TM4C1233H6PM.h(775): warning: anonymous unions are a C11 extension [-Wc11-extensions]
  union {
  ^
C:/Users/Public/AppData/Local/Arm/Packs/Keil/TM4C_DFP/1.1.0/Device/Include/TM4C123/TM4C1233H6PM.h(898): warning: anonymous unions are a C11 extension [-Wc11-extensions]
  union {
  ^
22 warnings generated.
compiling system_TM4C123.c...
linking...
Program Size: Code=28 RO-data=8 RW-data=0 ZI-data=256  
".\Objects\First_Prog.axf" - 0 Error(s), 22 Warning(s).

<h2>Software Packages used:</h2>

Package Vendor: ARM
                http://www.keil.com/pack/ARM.CMSIS.5.8.0.pack
                ARM.CMSIS.5.8.0
                CMSIS (Common Microcontroller Software Interface Standard)
   * Component: CORE Version: 5.5.0

Package Vendor: Keil
                http://www.keil.com/pack/Keil.TM4C_DFP.1.1.0.pack
                Keil.TM4C_DFP.1.1.0
                Texas Instruments Tiva C Series Device Support and Examples
   * Component: Startup Version: 1.0.1

<h2>Collection of Component include folders:</h2>
  .\RTE\_Target_1
  C:\Users\Public\AppData\Local\Arm\Packs\ARM\CMSIS\5.8.0\CMSIS\Core\Include
  C:\Users\Public\AppData\Local\Arm\Packs\Keil\TM4C_DFP\1.1.0\Device\Include\TM4C123

<h2>Collection of Component Files used:</h2>

   * Component: ARM::CMSIS:CORE:5.5.0

   * Component: Keil::Device:Startup:1.0.1
      Include file:  Device\Include\TM4C123\TM4C123.h
      Source file:   Device\Source\ARM\startup_TM4C123.s
      Source file:   Device\Source\system_TM4C123.c
Build Time Elapsed:  00:00:00
</pre>
</body>
</html>
